src/App.tsx(10,63): error TS2503: Cannot find namespace 'JSX'.
src/index.ts(2,1): error TS6133: 'Login' is declared but its value is never read.
src/index.ts(3,1): error TS6133: 'StudentDashboard' is declared but its value is never read.
src/index.ts(4,1): error TS6133: 'CatererDashboard' is declared but its value is never read.
src/index.ts(5,1): error TS6133: 'AdminDashboard' is declared but its value is never read.
src/index.ts(6,1): error TS6133: 'Layout' is declared but its value is never read.
src/main.tsx(3,8): error TS2307: Cannot find module './index.css' or its corresponding type declarations.
src/pages/AdminDashboard.tsx(3,16): error TS6133: 'Download' is declared but its value is never read.
src/pages/AdminDashboard.tsx(17,12): error TS6133: 'loading' is declared but its value is never read.
src/pages/AdminDashboard.tsx(71,32): error TS6133: 'sessionId' is declared but its value is never read.
src/pages/CatererDashboard.tsx(3,19): error TS6133: 'Upload' is declared but its value is never read.
src/pages/Login.tsx(2,1): error TS6133: 'useAuth' is declared but its value is never read.
src/pages/StudentDashboard.tsx(1,8): error TS6133: 'React' is declared but its value is never read.
src/pages/StudentDashboard.tsx(77,12): error TS6133: 'loading' is declared but its value is never read.
src/pages/StudentDashboard.tsx(112,47): error TS6133: 'date' is declared but its value is never read.
src/pages/StudentDashboard.tsx(112,61): error TS6133: 'mealType' is declared but its value is never read.
src/pages/StudentDashboard.tsx(159,45): error TS18046: 'meals' is of type 'unknown'.
src/pages/StudentDashboard.tsx(166,55): error TS7006: Parameter 'item' implicitly has an 'any' type.
